#-----------------------------------------------------------
# Webtalk v2018.3 (64-bit)
# SW Build 2405991 on Thu Dec  6 23:38:27 MST 2018
# IP Build 2404404 on Fri Dec  7 01:43:56 MST 2018
# Start of session at: Sat May  9 15:11:04 2020
# Process ID: 99308
# Current directory: D:/Documents/Digital_System_Design_Lab/final_project/final_project.sim/sim_1/behav/xsim
# Command line: wbtcv.exe -mode batch -source D:/Documents/Digital_System_Design_Lab/final_project/final_project.sim/sim_1/behav/xsim/xsim.dir/fir_filter_tb_behav/webtalk/xsim_webtalk.tcl -notrace
# Log file: D:/Documents/Digital_System_Design_Lab/final_project/final_project.sim/sim_1/behav/xsim/webtalk.log
# Journal file: D:/Documents/Digital_System_Design_Lab/final_project/final_project.sim/sim_1/behav/xsim\webtalk.jou
#-----------------------------------------------------------
source D:/Documents/Digital_System_Design_Lab/final_project/final_project.sim/sim_1/behav/xsim/xsim.dir/fir_filter_tb_behav/webtalk/xsim_webtalk.tcl -notrace
