#-----------------------------------------------------------
# Webtalk v2018.3 (64-bit)
# SW Build 2405991 on Thu Dec  6 23:38:27 MST 2018
# IP Build 2404404 on Fri Dec  7 01:43:56 MST 2018
# Start of session at: Sun May 24 08:41:14 2020
# Process ID: 15120
# Current directory: D:/Documents/Digital_System_Design_Lab/Project/Code/VHDL/final_project/final_project.sim/sim_2/synth/func/xsim
# Command line: wbtcv.exe -mode batch -source D:/Documents/Digital_System_Design_Lab/Project/Code/VHDL/final_project/final_project.sim/sim_2/synth/func/xsim/xsim.dir/fir_filter_s2_tb_func_synth/webtalk/xsim_webtalk.tcl -notrace
# Log file: D:/Documents/Digital_System_Design_Lab/Project/Code/VHDL/final_project/final_project.sim/sim_2/synth/func/xsim/webtalk.log
# Journal file: D:/Documents/Digital_System_Design_Lab/Project/Code/VHDL/final_project/final_project.sim/sim_2/synth/func/xsim\webtalk.jou
#-----------------------------------------------------------
source D:/Documents/Digital_System_Design_Lab/Project/Code/VHDL/final_project/final_project.sim/sim_2/synth/func/xsim/xsim.dir/fir_filter_s2_tb_func_synth/webtalk/xsim_webtalk.tcl -notrace
